// Jest Snapshot v1, https://goo.gl/fbAQLP

exports[`matches snapshot 1`] = `
<div
  className="MuiContainer-root makeStyles-root-3 MuiContainer-maxWidthLg"
  data-testid="chat-input"
>
  <div
    className="react-emoji"
  >
    <div
      className="react-emoji-picker--container"
    >
      <div
        className="react-emoji-picker--wrapper"
      >
        <div
          className="react-emoji-picker"
        />
      </div>
    </div>
    <div
      className="react-input-emoji--container"
      style={
        Object {
          "borderColor": "#EAEAEA",
          "borderRadius": 21,
          "fontFamily": "sans-serif",
          "fontSize": 15,
        }
      }
    >
      <div
        className="react-input-emoji--wrapper"
        onClick={[Function]}
      >
        <div
          className="react-input-emoji--placeholder"
        >
          Message
        </div>
        <div
          className="react-input-emoji--input"
          contentEditable={true}
          onBlur={[Function]}
          onKeyDown={[Function]}
          tabIndex={0}
        />
      </div>
    </div>
    <button
      className="react-input-emoji--button"
      onClick={[Function]}
    >
      <svg
        height="24"
        viewBox="0 0 24 24"
        width="24"
        xmlns="http://www.w3.org/2000/svg"
      >
        <path
          d="M12 0C5.373 0 0 5.373 0 12s5.373 12 12 12 12-5.373 12-12S18.627 0 12 0m0 22C6.486 22 2 17.514 2 12S6.486 2 12 2s10 4.486 10 10-4.486 10-10 10"
        />
        <path
          d="M8 7a2 2 0 1 0-.001 3.999A2 2 0 0 0 8 7M16 7a2 2 0 1 0-.001 3.999A2 2 0 0 0 16 7M15.232 15c-.693 1.195-1.87 2-3.349 2-1.477 0-2.655-.805-3.347-2H15m3-2H6a6 6 0 1 0 12 0"
        />
      </svg>
    </button>
  </div>
  <svg
    aria-hidden={true}
    className="MuiSvgIcon-root makeStyles-icon-1"
    focusable="false"
    onClick={[Function]}
    viewBox="0 0 24 24"
  >
    <path
      d="M2.01 21L23 12 2.01 3 2 10l15 2-15 2z"
    />
  </svg>
</div>
`;
