// Jest Snapshot v1, https://goo.gl/fbAQLP

exports[`matches snapshot 1`] = `
<div
  className="makeStyles-root-6"
  data-testid="chat-list-header"
>
  <span
    className="MuiBadge-root"
  >
    <svg
      aria-hidden={true}
      className="MuiSvgIcon-root"
      focusable="false"
      viewBox="0 0 24 24"
    >
      <path
        d="M10 18h4v-2h-4v2zM3 6v2h18V6H3zm3 7h12v-2H6v2z"
      />
    </svg>
    <span
      className="MuiBadge-badge makeStyles-badgeAll-8 MuiBadge-anchorOriginTopRightRectangle MuiBadge-colorPrimary MuiBadge-invisible"
    >
      0
    </span>
  </span>
  <p
    className="MuiTypography-root MuiTypography-body1"
    onClick={[Function]}
  >
    
  </p>
</div>
`;
