// Jest Snapshot v1, https://goo.gl/fbAQLP

exports[`matches snapshot 1`] = `
<div
  className="makeStyles-root-8"
  data-testid="chat-content"
  onScroll={[Function]}
>
  <br />
</div>
`;
