// Jest Snapshot v1, https://goo.gl/fbAQLP

exports[`matches snapshot 1`] = `
<img
  alt="nullable"
  className=""
  data-testid="nullable-image"
  onError={[Function]}
  src="Person.png"
/>
`;
