// Jest Snapshot v1, https://goo.gl/fbAQLP

exports[`matches snapshot 1`] = `
<div
  className="makeStyles-root-3"
  data-testid="room-list"
>
  <span />
</div>
`;
