// Jest Snapshot v1, https://goo.gl/fbAQLP

exports[`matches snapshot 1`] = `
<div
  className="makeStyles-root-13"
  data-testid="team-list-content"
>
  <span />
</div>
`;
